// Jest Snapshot v1, https://goo.gl/fbAQLP

exports[`<Next /> should render correctly 1`] = `
<svg
  fill="#fff"
  height="24"
  viewBox="0 0 24 24"
  width="24"
>
  <path
    d="M6 18l8.5-6L6 6v12zM16 6v12h2V6h-2z"
  />
  <path
    d="M0 0h24v24H0z"
    fill="none"
  />
</svg>
`;
