// Jest Snapshot v1, https://goo.gl/fbAQLP

exports[`<Play /> should render correctly 1`] = `
<svg
  fill="#fff"
  height="24"
  viewBox="0 0 24 24"
  width="24"
>
  <path
    d="M8 5v14l11-7z"
  />
  <path
    d="M0 0h24v24H0z"
    fill="none"
  />
</svg>
`;
