// Jest Snapshot v1, https://goo.gl/fbAQLP

exports[`<Previous /> should render correctly 1`] = `
<svg
  fill="#fff"
  height="24"
  viewBox="0 0 24 24"
  width="24"
>
  <path
    d="M6 6h2v12H6zm3.5 6l8.5 6V6z"
  />
  <path
    d="M0 0h24v24H0z"
    fill="none"
  />
</svg>
`;
