// Jest Snapshot v1, https://goo.gl/fbAQLP

exports[`<Playlist /> should render correctly 1`] = `
<section>
  <ul>
    <div />
    <div />
    <div />
  </ul>
  <button
    onClick={[MockFunction]}
  >
    Add to playlist
  </button>
</section>
`;
