// Jest Snapshot v1, https://goo.gl/fbAQLP

exports[`<PlaylistItem /> should render correctly 1`] = `
<li
  onClick={[Function]}
>
  testVideo0
</li>
`;
